# html block

<div>
  example
  <div>
    example
  </div>
  <div>
    example
  </div>
  <div>
    example
  </div>
</div>
