# html tag

x <x-card /> x

# html tag pair

<x-card> hiya </x-card>
